2026-03-17 22:45:52,428 | INFO | Log level from config: INFO
2026-03-19 22:42:39,016 | INFO | Log level from config: INFO
2026-03-19 23:10:31,488 | INFO | Log level from config: INFO
2026-03-27 21:04:58,638 | INFO | Log level from config: INFO
2026-03-27 21:08:04,366 | INFO | Log level from config: INFO
2026-03-27 21:09:33,320 | INFO | Log level from config: INFO
2026-03-27 21:10:57,989 | INFO | Log level from config: INFO
2026-03-27 21:13:00,951 | INFO | Log level from config: INFO
2026-03-27 21:16:17,706 | INFO | Log level from config: INFO
2026-03-27 21:18:19,904 | INFO | Log level from config: INFO
2026-03-28 22:44:26,967 | INFO | Log level from config: INFO
2026-03-28 23:54:43,823 | INFO | Log level from config: INFO
2026-04-03 20:39:21,350 | INFO | Log level from config: INFO
2026-04-03 21:01:47,980 | INFO | Log level from config: INFO
2026-04-03 21:02:48,586 | INFO | Log level from config: INFO
2026-04-03 21:05:21,675 | INFO | Log level from config: INFO
2026-04-03 21:06:07,204 | INFO | Log level from config: INFO
2026-04-03 21:06:45,345 | INFO | Log level from config: INFO
2026-04-03 21:10:46,631 | INFO | Log level from config: INFO
2026-04-03 21:13:23,593 | INFO | Log level from config: INFO
2026-04-03 21:15:55,470 | INFO | Log level from config: INFO
2026-04-03 21:19:02,238 | INFO | Log level from config: INFO
2026-04-03 21:20:24,848 | INFO | Log level from config: INFO
2026-04-03 21:24:17,884 | INFO | Log level from config: INFO
2026-04-03 21:28:50,043 | INFO | Log level from config: INFO
2026-04-03 21:32:18,942 | INFO | Log level from config: INFO
2026-04-03 21:35:32,014 | INFO | Log level from config: INFO
2026-04-03 21:35:47,133 | INFO | Log level from config: INFO
2026-04-03 21:37:36,780 | ERROR | CLI error: 'module' object is not callable
2026-04-10 20:46:51,068 | INFO | Log level from config: INFO
2026-04-10 21:08:47,795 | INFO | Log level from config: INFO
2026-04-10 21:08:48,198 | INFO | Module loaded: help
2026-04-10 21:08:52,998 | ERROR | CLI error: HelpModule() takes no arguments
2026-04-10 21:17:22,928 | INFO | Log level from config: INFO
2026-04-10 21:17:22,984 | INFO | Module loaded: help
2026-04-10 21:17:29,861 | ERROR | CLI error: HelpModule() takes no arguments
2026-04-10 21:17:41,269 | ERROR | CLI error: HelpModule() takes no arguments
2026-04-10 21:27:04,470 | INFO | Log level from config: INFO
2026-04-10 21:27:04,554 | ERROR | Failed to load help: No module named 'module_base'
2026-04-10 21:27:19,758 | INFO | Log level from config: INFO
2026-04-10 21:27:19,812 | ERROR | Failed to load help: No module named 'module_base'
2026-04-10 21:32:30,048 | INFO | Log level from config: INFO
2026-04-10 21:32:30,114 | ERROR | Failed to load help: No module named 'module_base'
2026-04-10 21:34:02,457 | INFO | Log level from config: INFO
2026-04-10 21:34:02,521 | ERROR | Failed to load help: No module named 'module_base'
2026-04-10 21:35:35,816 | ERROR | Failed to load help: No module named 'module_base'
2026-04-10 21:38:31,975 | INFO | Module loaded: footprint
2026-04-10 21:38:32,052 | INFO | Module loaded: geoip
2026-04-10 21:38:32,054 | INFO | Module loaded: help
2026-04-10 21:38:32,067 | INFO | Module loaded: netscan
2026-04-10 21:38:32,080 | INFO | Module loaded: scan
2026-04-10 21:38:32,095 | INFO | Module loaded: version
2026-04-10 21:40:03,295 | INFO | Log level from config: INFO
2026-04-10 21:40:03,303 | INFO | Module loaded: footprint
2026-04-10 21:40:03,364 | INFO | Module loaded: geoip
2026-04-10 21:40:03,365 | INFO | Module loaded: help
2026-04-10 21:40:03,365 | INFO | Module loaded: netscan
2026-04-10 21:40:03,366 | INFO | Module loaded: scan
2026-04-10 21:40:03,367 | INFO | Module loaded: version
2026-04-10 21:40:30,712 | INFO | {'module': 'scan', 'status': 'completed'}
2026-04-10 21:40:59,574 | INFO | {'module': 'scan', 'status': 'completed'}
2026-04-10 21:40:59,574 | INFO | {'module': 'scan', 'status': 'completed'}
2026-04-10 21:44:29,724 | INFO | Log level from config: INFO
2026-04-10 21:44:29,740 | INFO | Module loaded: footprint
2026-04-10 21:44:29,841 | INFO | Module loaded: geoip
2026-04-10 21:44:29,850 | INFO | Module loaded: help
2026-04-10 21:44:29,853 | INFO | Module loaded: netscan
2026-04-10 21:44:29,856 | INFO | Module loaded: scan
2026-04-10 21:44:29,857 | INFO | Module loaded: version
2026-04-10 21:44:33,160 | INFO | {'module': 'help', 'target': 'local', 'status': 'success', 'data': '\nAvailable Commands:\n\nscan <ip>            -> ping + port scan\nhelp                 -> show commands\nversion              -> show tool version\nfootprint <domain>   -> get IP and hostname\ngeoip <ip>           -> get geolocation info\nnetscan <ip/network> -> scan network\n'}
2026-04-10 21:44:42,637 | INFO | {'module': 'scan', 'status': 'completed'}
2026-04-10 21:44:55,201 | INFO | {'module': 'scan', 'status': 'completed'}
2026-04-10 22:51:39,214 | INFO | Log level from config: INFO
2026-04-10 22:51:39,226 | INFO | Module loaded: footprint
2026-04-10 22:51:39,281 | INFO | Module loaded: geoip
2026-04-10 22:51:39,283 | INFO | Module loaded: help
2026-04-10 22:51:39,287 | INFO | Module loaded: netscan
2026-04-10 22:51:39,290 | INFO | Module loaded: scan
2026-04-10 22:51:39,292 | INFO | Module loaded: version
2026-04-10 22:51:41,307 | INFO | {'module': 'scan', 'status': 'completed'}
2026-04-10 22:53:10,451 | INFO | Log level from config: INFO
2026-04-10 22:53:10,465 | INFO | Module loaded: footprint
2026-04-10 22:53:10,561 | INFO | Module loaded: geoip
2026-04-10 22:53:10,562 | INFO | Module loaded: help
2026-04-10 22:53:10,563 | INFO | Module loaded: netscan
2026-04-10 22:53:10,564 | INFO | Module loaded: scan
2026-04-10 22:53:10,565 | INFO | Module loaded: version
2026-04-10 22:53:24,798 | INFO | {'module': 'help', 'target': 'local', 'status': 'success', 'data': '\nAvailable Commands:\n\nscan <ip>            -> ping + port scan\nhelp                 -> show commands\nversion              -> show tool version\nfootprint <domain>   -> get IP and hostname\ngeoip <ip>           -> get geolocation info\nnetscan <ip/network> -> scan network\n'}
2026-04-10 22:53:33,259 | INFO | {'module': 'scan', 'status': 'error', 'error': 'eksik parametre'}
2026-04-10 22:56:14,206 | INFO | Log level from config: INFO
2026-04-10 22:56:14,217 | INFO | Module loaded: footprint
2026-04-10 22:56:14,263 | INFO | Module loaded: geoip
2026-04-10 22:56:14,264 | INFO | Module loaded: help
2026-04-10 22:56:14,266 | INFO | Module loaded: netscan
2026-04-10 22:56:14,270 | INFO | Module loaded: scan
2026-04-10 22:56:14,272 | INFO | Module loaded: version
2026-04-10 22:56:25,281 | INFO | {'module': 'version', 'status': 'completed'}
2026-04-10 22:56:46,265 | INFO | {'module': 'footprint', 'status': 'completed'}
2026-04-10 22:57:05,652 | INFO | {'module': 'geoip', 'status': 'completed'}
2026-04-10 22:57:48,858 | INFO | {'module': 'netscan', 'status': 'completed'}
2026-04-10 23:00:41,965 | INFO | Module loaded: footprint
2026-04-10 23:00:42,023 | INFO | Module loaded: geoip
2026-04-10 23:00:42,024 | INFO | Module loaded: help
2026-04-10 23:00:42,024 | INFO | Module loaded: netscan
2026-04-10 23:00:42,025 | INFO | Module loaded: scan
2026-04-10 23:00:42,026 | INFO | Module loaded: version
2026-04-10 23:53:27,134 | INFO | Log level from config: INFO
2026-04-10 23:53:27,192 | INFO | Module loaded: footprint
2026-04-10 23:53:27,529 | INFO | Module loaded: geoip
2026-04-10 23:53:27,530 | INFO | Module loaded: help
2026-04-10 23:53:27,531 | INFO | Module loaded: netscan
2026-04-10 23:53:27,532 | INFO | Module loaded: scan
2026-04-10 23:53:27,533 | INFO | Module loaded: version
2026-04-10 23:53:31,495 | INFO | {'module': 'help', 'target': 'local', 'status': 'success', 'data': '\nAvailable Commands:\n\nscan <ip>            -> ping + port scan\nhelp                 -> show commands\nversion              -> show tool version\nfootprint <domain>   -> get IP and hostname\ngeoip <ip>           -> get geolocation info\nnetscan <ip/network> -> scan network\n'}
2026-04-10 23:53:35,283 | INFO | {'module': 'version', 'status': 'completed'}
2026-04-10 23:53:58,575 | INFO | {'module': 'scan', 'status': 'error', 'error': 'eksik parametre'}
2026-04-10 23:55:26,800 | INFO | Log level from config: INFO
2026-04-10 23:55:26,807 | INFO | Module loaded: footprint
2026-04-10 23:55:26,847 | INFO | Module loaded: geoip
2026-04-10 23:55:26,848 | INFO | Module loaded: help
2026-04-10 23:55:26,848 | INFO | Module loaded: netscan
2026-04-10 23:55:26,849 | INFO | Module loaded: scan
2026-04-10 23:55:26,850 | INFO | Module loaded: version
2026-04-10 23:56:12,528 | INFO | Log level from config: INFO
2026-04-10 23:56:12,534 | INFO | Module loaded: footprint
2026-04-10 23:56:12,578 | INFO | Module loaded: geoip
2026-04-10 23:56:12,579 | INFO | Module loaded: help
2026-04-10 23:56:12,580 | INFO | Module loaded: netscan
2026-04-10 23:56:12,581 | INFO | Module loaded: scan
2026-04-10 23:56:12,581 | INFO | Module loaded: version
2026-04-10 23:56:19,407 | INFO | {'module': 'help', 'target': 'local', 'status': 'success', 'data': '\nAvailable Commands:\n\nscan <ip>            -> ping + port scan\nhelp                 -> show commands\nversion              -> show tool version\nfootprint <domain>   -> get IP and hostname\ngeoip <ip>           -> get geolocation info\nnetscan <ip/network> -> scan network\n'}
2026-04-10 23:57:05,144 | INFO | {'module': 'geoip', 'status': 'error', 'error': 'lookup failed'}
2026-04-10 23:57:35,914 | INFO | {'module': 'geoip', 'status': 'error', 'error': 'eksik argüman'}
2026-04-10 23:57:59,311 | INFO | {'module': 'geoip', 'status': 'completed'}
2026-04-10 23:58:30,603 | INFO | {'module': 'footprint', 'status': 'error', 'error': 'eksik argüman'}
2026-04-10 23:59:05,086 | INFO | {'module': 'footprint', 'status': 'error', 'error': '[Errno 11001] getaddrinfo failed'}
2026-04-11 15:13:42,153 | INFO | Log level from config: INFO
2026-04-11 15:13:42,187 | INFO | Module loaded: footprint
2026-04-11 15:13:42,294 | INFO | Module loaded: geoip
2026-04-11 15:13:42,306 | INFO | Module loaded: help
2026-04-11 15:13:42,310 | INFO | Module loaded: netscan
2026-04-11 15:13:42,329 | INFO | Module loaded: scan
2026-04-11 15:13:42,333 | INFO | Module loaded: version
2026-04-11 15:14:05,402 | INFO | {'module': 'help', 'target': 'local', 'status': 'success', 'data': '\nAvailable Commands:\n\nscan <ip>            -> ping + port scan\nhelp                 -> show commands\nversion              -> show tool version\nfootprint <domain>   -> get IP and hostname\ngeoip <ip>           -> get geolocation info\nnetscan <ip/network> -> scan network\n'}
2026-04-11 15:14:45,966 | INFO | {'module': 'footprint', 'status': 'completed'}
2026-04-11 15:15:09,222 | INFO | {'module': 'geoip', 'status': 'completed'}
2026-04-11 15:15:41,516 | INFO | {'module': 'netscan', 'status': 'error', 'error': 'eksik argüman'}
2026-04-11 15:16:04,664 | INFO | {'module': 'netscan', 'status': 'completed'}
2026-04-11 15:16:37,216 | INFO | {'module': 'scan', 'status': 'error', 'error': 'eksik parametre'}
2026-04-11 15:16:57,674 | INFO | {'module': 'scan', 'status': 'completed'}
2026-04-11 15:17:29,340 | INFO | {'module': 'scan', 'status': 'completed'}
2026-04-11 15:18:14,150 | INFO | {'module': 'version', 'status': 'completed'}
